// Jest Snapshot v1, https://goo.gl/fbAQLP

exports[`GenreQuestion is rendered correctly 1`] = `
<div
  className="track"
>
  <button
    className="track__button track__button--play"
    type="button"
  />
  <div
    className="track__status"
  >
    <audio
      src="https://upload.wikimedia.org/wikipedia/commons/4/4e/BWV_543-fugue.ogg"
    />
  </div>
  <div
    className="game__answer"
  >
    <input
      className="game__input visually-hidden"
      id="answer-2"
      name="answer"
      onChange={[Function]}
      type="checkbox"
      value="answer-2"
    />
    <label
      className="game__check"
      htmlFor="answer-2"
    >
      Отметить
    </label>
  </div>
</div>
`;
